transcript_results {"bug_observed": false, "candidates": {"missing_result": [], "failure_after_400_chars": [], "zero_failed_success": ["pytest passed"]}, "seconds": 0.0003}
sliding_cursor {"bug_observed": true, "first_tail_entries": 15, "next_tail_entries": 15, "stored_cursor": 15, "candidate_exists_without_cursor": true, "next_write_report": {"written": [], "skipped": 0, "dropped_for_secrets": 0}, "seconds": 0.1694}
split_pair {"bug_observed": false, "first_firing_candidates": [], "second_firing_candidates": [], "seconds": 0.0001}
prompt_cliff {"bug_observed": true, "total_candidates": 501, "active_decisions": 1, "index": {"built": true, "records": 501, "reason": null}, "search_ids": ["dec_20260927_amber-quasar-routing-policy"], "hook_ids": [], "seconds": 0.4484}
guard_prefilter {"bug_observed": true, "direct_verdict": "PROCEED", "direct_ids": ["trap_npm-test-truncates-the-database"], "hook_output": {}, "prefilter_hit": false, "scenario": "recorded test command destructively truncates a persistent database", "seconds": 0.0241}
resume_ignores_lock {"bug_observed": true, "exit_code": 0, "foreign_lock_remained": true, "projection_changed": true, "seconds": 0.0214}
snapshot_stamp_race {"bug_observed": true, "new_record": "dec_20260927_newly-added-cerulean-encryption-policy", "packet_ids": [], "stamp_matches_current_store": true, "method": "deterministic interleaving between record read and input hashing", "seconds": 0.0146}
recheck_scope_and_claim {"bug_observed": true, "old_scope": "branch", "old_branch": "feature/audit", "new_scope": "project", "new_outcome": "fixed", "reader_branch": "main", "visible_on_other_branch": true, "command_was_only_noop": true, "seconds": 0.2744}
jot_promotion_loss {"bug_observed": false, "original_text_in_promoted_record": true, "new_scope": "branch", "new_confidence": "low", "new_record_body": "## Decision\nInvalidate both the tenant cache and the role cache before rotating the authorization epoch.", "jot_retired": "superseded", "seconds": 0.0486}
promoted_adapter_missing {"bug_observed": true, "adapter_exists": false, "active_decision_ids": [], "promoted_counts": {"active_decisions": 1}, "seconds": 0.0241}
packet_bound {"bug_observed": true, "approx_tokens": 7333, "claimed_limit": 5000, "seconds": 0.0162}
symlink_read {"bug_observed": true, "mcp_resource_returned_external_bytes": "SYNTHETIC-OUTSIDE-STORE-CONTENT", "real_credentials_used": false, "seconds": 0.0162}
live_lock_stale {"bug_observed": true, "holder_is_current_live_process": true, "live_lock_classified_stale_after_heartbeat_gap": true, "method": "injected wall-clock/heartbeat gap, not an OS-level stress test", "seconds": 0.0142}
powershell_translation {"bug_observed": true, "registered_matcher": "Bash|Edit|Write|MultiEdit|Task|Agent", "translated_action": "", "seconds": 0.0}
schema_types {"bug_observed": false, "cases": {"confidence": {"record_validation_failed": true, "findings": [{"check": "confidence", "status": "fail", "path": "decisions/2026-09-27-amber-quasar-routing-policy.md", "message": "invalid confidence 'certainly' (allowed: low, medium, high)", "code": "confidence-invalid"}], "packet": "returned"}, "scope": {"record_validation_failed": true, "findings": [{"check": "scope", "status": "fail", "path": "decisions/2026-09-27-amber-quasar-routing-policy.md", "message": "unsupported scope 'all-machines': it is read as 'project', which may be wider than the author meant \u2014 set scope to project or branch explicitly", "code": "scope-unsupported"}], "packet": "returned"}, "evidence": {"record_validation_failed": true, "findings": [{"check": "evidence", "status": "fail", "path": "decisions/2026-09-27-amber-quasar-routing-policy.md", "message": "evidence item 1 has no type", "code": "evidence-malformed"}, {"check": "evidence", "status": "fail", "path": "decisions/2026-09-27-amber-quasar-routing-policy.md", "message": "decision has no evidence and confidence is not 'low'", "code": "evidence"}], "packet": "returned"}, "expires_at": {"record_validation_failed": true, "findings": [{"check": "timestamp", "status": "fail", "path": "decisions/2026-09-27-amber-quasar-routing-policy.md", "message": "expires_at '12345' is not an ISO-8601 date or datetime", "code": "timestamp-invalid"}], "packet": "returned"}, "superseded_by": {"record_validation_failed": true, "findings": [{"check": "superseded", "status": "fail", "path": "decisions/2026-09-27-amber-quasar-routing-policy.md", "message": "superseded_by 'dec_missing' names no record in this store", "code": "superseded-by-missing"}], "packet": "returned"}}, "seconds": 0.0448}
short_prompt_and_stale_task {"bug_observed": true, "direct_ids": ["dec_20260927_quasar-policy"], "short_prompt_output": {}, "remembered_prompt_after_unrelated_task": "amber quasar routing policy", "actual_latest_prompt": "Design a completely unrelated calendar view", "seconds": 0.0376}
index_metadata_collision {"bug_observed": true, "index": {"built": true, "records": 201, "reason": null}, "reported_state": {"state": "fresh", "records": 201}, "indexed_ids": [], "full_scan_ids": ["dec_20260927_amber-quasar-routing-policy"], "same_size_and_restored_mtime": true, "seconds": 0.1732}
guard_usage_dedupe {"bug_observed": true, "first_spoke": true, "second_spoke": false, "usage": {"by": {"hook-guard": 2}, "last_surfaced_at": "2026-09-27T01:02:15+00:00", "sessions": ["counts"], "surfaced": 2}, "seconds": 0.0243}
partial_supersession {"bug_observed": true, "command_exit": 0, "old_status": "active", "live_decisions": ["dec_20260927_amber-quasar-routing-policy", "dec_20260927_replace-quasar-queue-policy"], "method": "injected failure return during retirement; new record really written", "seconds": 0.0274}
Probes: 19 defect signals: 15 probe errors: 0
exit=1
